
════════════════════════════════════════════════════════════
EE 679 Auto-Subtitling — Full Experiment Suite
════════════════════════════════════════════════════════════
Output dir : /Users/amanverma/Downloads/EE 679 Project/outputs2
Data dir   : data
N samples  : 10

Loading LibriSpeech subset…
Selecting LibriSpeech samples:   0%|          | 0/87 [00:00<?, ?it/s]Selecting LibriSpeech samples:  23%|██▎       | 20/87 [00:00<00:00, 513.81it/s]
Warning: You are sending unauthenticated requests to the HF Hub. Please set a HF_TOKEN to enable higher rate limits and faster downloads.
  Loaded 10 samples from 10 speakers

Loading Whisper tiny.en…
  Load time: 661ms

════════════════════════════════════════════════════════════
EXPERIMENT 1 — Marvel Avengers Trailer Auto-Subtitling
════════════════════════════════════════════════════════════
  Extracting audio from MP4…
  Trailer duration: 125.0s
  VAD [energy  ]:  19 segments  43.4s speech  compute=30ms
  VAD [mfcc    ]:  20 segments  70.6s speech  compute=553ms
  VAD [spectral]:  13 segments  78.5s speech  compute=90ms
  [trailer] Audio extracted: 125.0s  (71ms)
  [trailer] VAD (spectral): 13 segments  speech_ratio=0.70  compute=91ms
  [trailer] 9 subtitle cues  overall_RTF=0.0482
  [plot] Saved fig_trailer_analysis.png
  Results → outputs2/exp1_trailer

════════════════════════════════════════════════════════════
EXPERIMENT 2 — Noise Robustness Benchmark
  10 speakers × 4 noises × 6 SNRs × 4 systems
════════════════════════════════════════════════════════════
    [40/960]  last: 1089-134686-0000 pink 10dB adaptive
    [80/960]  last: 1089-134686-0000 soundtrack 0dB adaptive
    [120/960]  last: 1188-133604-0001 white 20dB adaptive
    [160/960]  last: 1188-133604-0001 babble 10dB adaptive
    [200/960]  last: 121-121726-0000 white 0dB adaptive
    [240/960]  last: 121-121726-0000 pink 20dB adaptive
    [280/960]  last: 121-121726-0000 soundtrack 10dB adaptive
    [320/960]  last: 1221-135766-0002 pink 0dB adaptive
    [360/960]  last: 1221-135766-0002 babble 20dB adaptive
    [400/960]  last: 1284-1180-0000 white 10dB adaptive
    [440/960]  last: 1284-1180-0000 babble 0dB adaptive
    [480/960]  last: 1284-1180-0000 soundtrack 20dB adaptive
    [520/960]  last: 1320-122612-0001 pink 10dB adaptive
    [560/960]  last: 1320-122612-0001 soundtrack 0dB adaptive
    [600/960]  last: 1580-141083-0000 white 20dB adaptive
    [640/960]  last: 1580-141083-0000 babble 10dB adaptive
    [680/960]  last: 1995-1826-0000 white 0dB adaptive
    [720/960]  last: 1995-1826-0000 pink 20dB adaptive
    [760/960]  last: 1995-1826-0000 soundtrack 10dB adaptive
    [800/960]  last: 2094-142345-0001 pink 0dB adaptive
    [840/960]  last: 2094-142345-0001 babble 20dB adaptive
    [880/960]  last: 2300-131720-0000 white 10dB adaptive
    [920/960]  last: 2300-131720-0000 babble 0dB adaptive
    [960/960]  last: 2300-131720-0000 soundtrack 20dB adaptive
  Saved noise robustness figures
  Results → outputs2/exp2_noise_robustness

════════════════════════════════════════════════════════════
EXPERIMENT 3 — VAD Ablation Study
════════════════════════════════════════════════════════════
  Results → outputs2/exp3_vad_ablation

════════════════════════════════════════════════════════════
EXPERIMENT 4 — Enhancement Method Ablation
════════════════════════════════════════════════════════════
  Results → outputs2/exp4_enhancement

════════════════════════════════════════════════════════════
EXPERIMENT 5 — Model Size Comparison (tiny.en vs base.en)
════════════════════════════════════════════════════════════
  Loading Whisper tiny.en…
    Model load time: 360ms
  Loading Whisper base.en…
    Model load time: 17561ms
  Results → outputs2/exp5_model_comparison

════════════════════════════════════════════════════════════
EXPERIMENT 6 — Subtitle Quality & Readability Metrics
════════════════════════════════════════════════════════════
  Scenario: clean  (noise=soundtrack, snr=30dB)
    → pred_cues=23  ts_mae=29.201s  cps_violations=7  wer=0.9661
  Scenario: moderate_noise  (noise=pink, snr=10dB)
    → pred_cues=21  ts_mae=24.241s  cps_violations=7  wer=0.9232
  Scenario: heavy_noise  (noise=soundtrack, snr=0dB)
    → pred_cues=16  ts_mae=22.275s  cps_violations=3  wer=1.0
  Results → outputs2/exp6_subtitle_quality

════════════════════════════════════════════════════════════
Generating Master Report…
════════════════════════════════════════════════════════════
Traceback (most recent call last):
  File "/Users/amanverma/Downloads/EE 679 Project/.venv/lib/python3.14/site-packages/pandas/compat/_optional.py", line 158, in import_optional_dependency
    module = importlib.import_module(name)
  File "/Library/Frameworks/Python.framework/Versions/3.14/lib/python3.14/importlib/__init__.py", line 88, in import_module
    return _bootstrap._gcd_import(name[level:], package, level)
           ~~~~~~~~~~~~~~~~~~~~~~^^^^^^^^^^^^^^^^^^^^^^^^^^^^^^
  File "<frozen importlib._bootstrap>", line 1406, in _gcd_import
  File "<frozen importlib._bootstrap>", line 1371, in _find_and_load
  File "<frozen importlib._bootstrap>", line 1335, in _find_and_load_unlocked
ModuleNotFoundError: No module named 'tabulate'

The above exception was the direct cause of the following exception:

Traceback (most recent call last):
  File "/Users/amanverma/Downloads/EE 679 Project/run_full_experiments.py", line 925, in <module>
    main()
    ~~~~^^
  File "/Users/amanverma/Downloads/EE 679 Project/run_full_experiments.py", line 915, in main
    write_master_report(output_dir, trailer_results, df_noise, df_vad, df_enh, df_model, sub_quality)
    ~~~~~~~~~~~~~~~~~~~^^^^^^^^^^^^^^^^^^^^^^^^^^^^^^^^^^^^^^^^^^^^^^^^^^^^^^^^^^^^^^^^^^^^^^^^^^^^^^
  File "/Users/amanverma/Downloads/EE 679 Project/run_full_experiments.py", line 811, in write_master_report
    p(snr_table.to_markdown())
      ~~~~~~~~~~~~~~~~~~~~~^^
  File "/Users/amanverma/Downloads/EE 679 Project/.venv/lib/python3.14/site-packages/pandas/core/frame.py", line 2983, in to_markdown
    tabulate = import_optional_dependency("tabulate")
  File "/Users/amanverma/Downloads/EE 679 Project/.venv/lib/python3.14/site-packages/pandas/compat/_optional.py", line 161, in import_optional_dependency
    raise ImportError(msg) from err
ImportError: `Import tabulate` failed.  Use pip or conda to install the tabulate package.
